src/auth/auth.module.ts(15,28): error TS2307: Cannot find module './jwt.service' or its corresponding type declarations.
src/auth/auth.module.ts(19,32): error TS1261: Already included file name 'C:/Projects/eccomerce/backend/src/auth/strategies/google.strategy.ts' differs from file name 'C:/Projects/eccomerce/backend/src/auth/strategies/Google.strategy.ts' only in casing.
  The file is in the program because:
    Imported via './strategies/google.strategy' from file 'C:/Projects/eccomerce/backend/src/auth/auth.module.ts'
    Matched by default include pattern '**/*'
  File is CommonJS module because 'C:/Projects/eccomerce/backend/package.json' does not have field "type"
src/auth/auth.module.ts(20,31): error TS2307: Cannot find module './strategies/local.strategy' or its corresponding type declarations.
src/auth/auth.module.ts(34,7): error TS2322: Type '(configService: ConfigService) => { secret: string | undefined; signOptions: { expiresIn: string | undefined; }; }' is not assignable to type '(...args: any[]) => JwtModuleOptions | Promise<JwtModuleOptions>'.
  Type '{ secret: string | undefined; signOptions: { expiresIn: string | undefined; }; }' is not assignable to type 'JwtModuleOptions | Promise<JwtModuleOptions>'.
    Type '{ secret: string | undefined; signOptions: { expiresIn: string | undefined; }; }' is not assignable to type 'JwtModuleOptions'.
      The types of 'signOptions.expiresIn' are incompatible between these types.
        Type 'string | undefined' is not assignable to type 'number | StringValue | undefined'.
          Type 'string' is not assignable to type 'number | StringValue | undefined'.
src/auth/guards/Roles.guard.ts(25,36): error TS2339: Property 'user' does not exist on type 'UserType'.
